ESP-ROM:esp32s3-20210327
Build:Mar 27 2021
rst:0x1 (POWERON),boot:0x29 (SPI_FAST_FLASH_BOOT)
SPIWP:0xee
mode:DIO, clock div:1
load:0x3fce3818,len:0x1760
load:0x403c9700,len:0x4
load:0x403c9704,len:0xc00
load:0x403cc700,len:0x2e04
SHA-256 comparison failed:
Calculated: 10ca3e1ac3f0908531908294f32a3d522a33607e52014dd3204868b0d1592f95
Expected: ffffffffffffffffffffffffffffffffffffffffffffffffffffffffffffffff
Attempting to boot anyway...
entry 0x403c9908
[0;32mI (45) boot: ESP-IDF v5.1.2-1-g3b62af741a 2nd stage bootloader[0m
[0;32mI (45) boot: compile time Feb 19 2024 18:27:30[0m
[0;32mI (45) boot: Multicore bootloader[0m
[0;32mI (50) boot: chip revision: v0.2[0m
[0;32mI (53) boot.esp32s3: Boot SPI Speed : 80MHz[0m
[0;32mI (58) boot.esp32s3: SPI Mode       : DIO[0m
[0;32mI (63) boot.esp32s3: SPI Flash Size : 4MB[0m
[0;32mI (68) boot: Enabling RNG early entropy source...[0m
[0;32mI (73) boot: Partition Table:[0m
[0;32mI (77) boot: ## Label            Usage          Type ST Offset   Length[0m
[0;32mI (84) boot:  0 nvs              WiFi data        01 02 00009000 00006000[0m
[0;32mI (91) boot:  1 phy_init         RF data          01 01 0000f000 00001000[0m
[0;32mI (99) boot:  2 factory          factory app      00 00 00010000 00100000[0m
[0;32mI (106) boot: End of partition table[0m
[0;32mI (111) esp_image: segment 0: paddr=00010020 vaddr=3c0a0020 size=22204h (139780) map[0m
[0;32mI (135) esp_image: segment 1: paddr=0003222c vaddr=3fc96c00 size=045bch ( 17852) load[0m
[0;32mI (138) esp_image: segment 2: paddr=000367f0 vaddr=40374000 size=09828h ( 38952) load[0m
[0;32mI (147) esp_image: segment 3: paddr=00040020 vaddr=42000020 size=918d0h (596176) map[0m
[0;32mI (216) esp_image: segment 4: paddr=000d18f8 vaddr=4037d828 size=093a8h ( 37800) load[0m
[0;32mI (230) boot: Loaded app from partition at offset 0x10000[0m
[0;32mI (230) boot: Disabling RNG early entropy source...[0m
[0;32mI (241) cpu_start: Multicore app[0m
[0;32mI (242) cpu_start: Pro cpu up.[0m
[0;32mI (242) cpu_start: Starting app cpu, entry point is 0x40375490[0m
[0;32mI (0) cpu_start: App cpu up.[0m
[0;32mI (260) cpu_start: Pro cpu start user code[0m
[0;32mI (260) cpu_start: cpu freq: 240000000 Hz[0m
[0;32mI (260) cpu_start: Application information:[0m
[0;32mI (263) cpu_start: Project name:     main[0m
[0;32mI (268) cpu_start: App version:      1[0m
[0;32mI (272) cpu_start: Compile time:     Feb 19 2024 18:27:24[0m
[0;32mI (278) cpu_start: ELF file SHA256:  d6eb40c7467983a3...[0m
[0;32mI (284) cpu_start: ESP-IDF:          v5.1.2-1-g3b62af741a[0m
[0;32mI (290) cpu_start: Min chip rev:     v0.0[0m
[0;32mI (295) cpu_start: Max chip rev:     v0.99 [0m
[0;32mI (300) cpu_start: Chip rev:         v0.2[0m
[0;32mI (304) heap_init: Initializing. RAM available for dynamic allocation:[0m
[0;32mI (312) heap_init: At 3FCA29D8 len 00046D38 (283 KiB): DRAM[0m
[0;32mI (318) heap_init: At 3FCE9710 len 00005724 (21 KiB): STACK/DRAM[0m
[0;32mI (324) heap_init: At 3FCF0000 len 00008000 (32 KiB): DRAM[0m
[0;32mI (331) heap_init: At 600FE010 len 00001FD8 (7 KiB): RTCRAM[0m
[0;32mI (338) spi_flash: detected chip: generic[0m
[0;32mI (342) spi_flash: flash io: dio[0m
[0;32mI (346) sleep: Configure to isolate all GPIO pins in sleep state[0m
[0;32mI (352) sleep: Enable automatic switching of GPIO sleep configuration[0m
[0;32mI (360) app_start: Starting scheduler on CPU0[0m
[0;32mI (364) app_start: Starting scheduler on CPU1[0m
[0;32mI (364) main_task: Started on CPU0[0m
[0;32mI (374) main_task: Calling app_main()[0m
[0;32mI (378) gpio: GPIO[8]| InputEn: 0| OutputEn: 1| OpenDrain: 0| Pullup: 0| Pulldown: 0| Intr:0 [0m
[0;32mI (387) gpio: GPIO[21]| InputEn: 0| OutputEn: 1| OpenDrain: 0| Pullup: 0| Pulldown: 0| Intr:0 [0m
[0;32mI (403) wifi_station_netif: ESP_WIFI_MODE_STA[0m
[0;32mI (405) pp: pp rom version: e7ae62f[0m
[0;32mI (406) net80211: net80211 rom version: e7ae62f[0m
[0;32mI (428) phy_init: phy_version 620,ec7ec30,Sep  5 2023,13:49:13[0m
[0;33mW (429) phy_init: failed to load RF calibration data (0x1102), falling back to full calibration[0m
[0;32mI (477) wifi_station_netif: wifi_init_sta finished.[0m
[0;32mI (2887) wifi_station_netif: retry to connect to the AP[0m
[0;32mI (2888) wifi_station_netif: connect to the AP fail[0m
[0;32mI (5296) wifi_station_netif: retry to connect to the AP[0m
[0;32mI (5296) wifi_station_netif: connect to the AP fail[0m
[0;32mI (7704) wifi_station_netif: retry to connect to the AP[0m
[0;32mI (7704) wifi_station_netif: connect to the AP fail[0m
[0;32mI (10112) wifi_station_netif: retry to connect to the AP[0m
[0;32mI (10113) wifi_station_netif: connect to the AP fail[0m
[0;32mI (12520) wifi_station_netif: retry to connect to the AP[0m
[0;32mI (12521) wifi_station_netif: connect to the AP fail[0m
